// Jest Snapshot v1, https://goo.gl/fbAQLP

exports[`Puebas en <AddCategory /> Componente AddCategory 1`] = `
<form
  onSubmit={[Function]}
>
  <input
    onChange={[Function]}
    placeholder="..."
    type="text"
    value=""
  />
</form>
`;
